2026-01-02 22:13:40,470 ERROR: Error leyendo Access: Execution failed on sql '
SELECT
    t.FECHASAL          AS fecha_atencion,
    q.tot_fac           AS valorconsulta,
    r.tot_ren           AS totmedicina,
    t.descrip           AS tipoconsulta,
    t.Cie10             AS cie10,
    e.DIAGNO            AS nomcie10,
    v.VENDEDOR          AS sesolicita,
    cli.institucion     AS institucion,
    cli.genero          AS genero,
    cli.FechaN          AS fecha_nacimiento
FROM
    (((((EQTRASEC AS t
    LEFT JOIN EQCTAVDD AS v ON t.CODVEN = v.CODVEN)
    LEFT JOIN EQCTACLI AS cli ON t.CODCLI = cli.codcli)
    LEFT JOIN EQCIE10 AS e ON t.Cie10 = e.CIE10)
    LEFT JOIN EQENCPTO AS q ON t.IDTS = q.IDTS)
    LEFT JOIN EQRENREQ AS r ON t.IDTS = r.IDTS)
': ('07002', '[07002] [Microsoft][Controlador ODBC Microsoft Access] Pocos parámetros. Se esperaba 3. (-3010) (SQLExecDirectW)')
2026-01-02 22:17:13,709 ERROR: Error leyendo Access: Execution failed on sql '
SELECT
    t.[FECHASAL]        AS fecha_atencion,
    q.tot_fac           AS valorconsulta,
    r.tot_ren           AS totmedicina,
    t.[descrip]         AS tipoconsulta,
    t.Cie10             AS cie10,
    e.DIAGNO            AS nomcie10,
    v.VENDEDOR          AS sesolicita,
    cli.[institucion]   AS institucion,
    cli.SEXO            AS genero,
    cli.FechaN          AS fecha_nacimiento
FROM
    (((((EQTRASEC AS t
    LEFT JOIN EQCTAVDD AS v ON t.CODVEN = v.CODVEN)
    LEFT JOIN EQCTACLI AS cli ON t.CODCLI = cli.codcli)
    LEFT JOIN EQCIE10 AS e ON t.Cie10 = e.CIE10)
    LEFT JOIN EQENCPTO AS q ON t.IDTS = q.IDTS)
    LEFT JOIN EQRENREQ AS r ON t.IDTS = r.IDTS);
': ('07002', '[07002] [Microsoft][Controlador ODBC Microsoft Access] Pocos parámetros. Se esperaba 4. (-3010) (SQLExecDirectW)')
2026-01-02 22:38:40,766 ERROR: Error leyendo Access: Execution failed on sql '
SELECT
    t.[IDTS]              AS idts,
    t.[FECHASAL]          AS fecha_atencion,
    q.[tot_fac]           AS valorconsulta,
    r.[tot_ren]           AS totmedicina,
    t.[descrip]           AS tipoconsulta,
    t.[Cie10]             AS cie10,
    e.[DIAGNO]            AS nomcie10,
    v.[VENDEDOR]          AS sesolicita,
    cli.[InstitucionS]    AS institucion,
    cli.[SEXO]            AS genero,
    cli.[FechaN]          AS fecha_nacimiento
FROM
    (
        (
            (
                (
                    EQTRASEC AS t
                    LEFT JOIN EQCTAVDD AS v
                        ON t.[CODVEN] = v.[CODVEN]
                )
                LEFT JOIN EQCTACLI AS cli
                    ON t.[CodCli] = cli.[CodCli]
            )
            LEFT JOIN EQCIE10 AS e
                ON t.[Cie10] = e.[CIE10]
        )
        LEFT JOIN EQENCPTO AS q
            ON t.[IDTS] = q.[IDTS]
    )
    LEFT JOIN EQRENREQ AS r
        ON t.[IDTS] = r.[IDTS]
': ('07002', '[07002] [Microsoft][Controlador ODBC Microsoft Access] Pocos parámetros. Se esperaba 3. (-3010) (SQLExecDirectW)')
2026-01-02 22:42:54,612 ERROR: Error leyendo Access: Execution failed on sql '
SELECT
    t.[CodCli]            AS codcli,
    t.[FECHASAL]          AS fecha_atencion,
    q.[tot_fac]           AS valorconsulta,
    r.[tot_ren]           AS totmedicina,
    t.[descrip]           AS tipoconsulta,
    t.[Cie10]             AS cie10,
    e.[DIAGNO]            AS nomcie10,
    cli.[SEXO]            AS genero,
    cli.[FechaN]          AS fecha_nacimiento
FROM
    (
        (
            EQTRASEC AS t
            LEFT JOIN EQCTACLI AS cli
                ON t.[CodCli] = cli.[CodCli]
        )
        LEFT JOIN EQCIE10 AS e
            ON t.[Cie10] = e.[CIE10]
    )
    LEFT JOIN EQENCPTO AS q
        ON t.[CodCli] = q.[codcli]
    LEFT JOIN EQRENREQ AS r
        ON t.[CodCli] = r.[codcli]
': ('42000', "[42000] [Microsoft][Controlador ODBC Microsoft Access] Error de sintaxis (falta operador) en la expresión de consulta 't.[CodCli] = q.[codcli]\n    LEFT JOIN EQRENREQ AS r\n        ON t.[CodCli] = r.[codcli'. (-3100) (SQLExecDirectW)")
2026-01-02 22:44:54,893 ERROR: Error leyendo Access: Execution failed on sql '
SELECT
    t.[CodCli]            AS codcli,
    t.[FECHASAL]          AS fecha_atencion,
    q.[tot_fac]           AS valorconsulta,
    r.[tot_ren]           AS totmedicina,
    t.[descrip]           AS tipoconsulta,
    t.[Cie10]             AS cie10,
    e.[DIAGNO]            AS nomcie10,
    cli.[SEXO]            AS genero,
    cli.[FechaN]          AS fecha_nacimiento
FROM
    (
        (
            (
                EQTRASEC AS t
                LEFT JOIN EQCTACLI AS cli
                    ON t.[CodCli] = cli.[CodCli]
            )
            LEFT JOIN EQCIE10 AS e
                ON t.[Cie10] = e.[CIE10]
        )
        LEFT JOIN EQENCPTO AS q
            ON t.[CodCli] = q.[codcli]
    )
    LEFT JOIN EQRENREQ AS r
        ON t.[CodCli] = r.[codcli]
': ('07002', '[07002] [Microsoft][Controlador ODBC Microsoft Access] Pocos parámetros. Se esperaba 1. (-3010) (SQLExecDirectW)')
2026-01-02 22:49:30,953 ERROR: Error leyendo Access: Execution failed on sql '
SELECT
    t.[CodCli]            AS codcli,
    t.[FECHASAL]          AS fecha_atencion,
    q.[tot_fac]           AS valorconsulta,
    r.[tot_ren]           AS totmedicina,
    t.[descrip]           AS tipoconsulta,
    t.[Cie10]             AS cie10,
    e.[DIAGNO]            AS nomcie10,
    cli.[SEXO]            AS genero,
    cli.[FechaN]          AS fecha_nacimiento
FROM
    (
        (
            (
                EQTRASEC AS t
                LEFT JOIN EQCTACLI AS cli
                    ON t.[CodCli] = cli.[CodCli]
            )
            LEFT JOIN EQCIE10 AS e
                ON t.[Cie10] = e.[CIE10]
        )
        LEFT JOIN EQENCPTO AS q
            ON t.[CodCli] = q.[codcli]
    )
    LEFT JOIN EQRENREQ AS r
        ON t.[CodCli] = r.[codcli]
': ('07002', '[07002] [Microsoft][Controlador ODBC Microsoft Access] Pocos parámetros. Se esperaba 1. (-3010) (SQLExecDirectW)')
2026-01-02 22:53:52,157 ERROR: Error en la migración: Execution failed on sql '
SELECT
    t.[IdTs]              AS id_atencion,
    t.[FechaSal]          AS fecha_atencion,
    t.[descrip]           AS tipo_consulta,
    t.[Procedimiento]     AS procedimiento,
    t.[Cie10]             AS cie10,
    e.[DIAGNO]            AS nomcie10,
    v.[VENDEDOR]          AS medico,
    cli.[InstitucionS]    AS institucion,
    cli.[genero]          AS genero,
    cli.[FechaN]          AS fecha_nacimiento,
    q.[tot_fac]           AS valorconsulta,
    r.[tot_ren]           AS totmedicina
FROM
    (
        (
            (
                (
                    (
                        EQTRASEC AS t
                        LEFT JOIN EQCTACLI AS cli ON t.[CodCli] = cli.[codcli]
                    )
                    LEFT JOIN EQCTAVDD AS v ON t.[CodVen] = v.[CODVEN]
                )
                LEFT JOIN EQCIE10 AS e ON t.[Cie10] = e.[CIE10]
            )
            LEFT JOIN EQENCPTO AS q ON t.[IdTs] = q.[IDTS]
        )
        LEFT JOIN EQRENREQ AS r ON t.[IdTs] = r.[IDTS]
    )
': ('07002', '[07002] [Microsoft][Controlador ODBC Microsoft Access] Pocos parámetros. Se esperaba 2. (-3010) (SQLExecDirectW)')
2026-01-02 22:56:00,000 ERROR: Error en la migración: Execution failed on sql '
SELECT
    t.[IdTs]              AS id_atencion,
    t.[FechaSal]          AS fecha_atencion,
    t.[descrip]           AS tipo_consulta,
    t.[Procedimiento]     AS procedimiento,
    t.[Cie10]             AS cie10,
    e.[DIAGNO]            AS nomcie10,
    v.[VENDEDOR]          AS medico,
    cli.[InstitucionS]    AS institucion,
    cli.[genero]          AS genero,
    cli.[FechaN]          AS fecha_nacimiento,
    q.[tot_fac]           AS valorconsulta,
    r.[tot_ren]           AS totmedicina
FROM
    (
        (
            (
                (
                    (
                        EQTRASEC AS t
                        LEFT JOIN EQCTACLI AS cli ON t.[CodCli] = cli.[codcli]
                    )
                    LEFT JOIN EQCTAVDD AS v ON t.[CodVen] = v.[CODVEN]
                )
                LEFT JOIN EQCIE10 AS e ON t.[Cie10] = e.[CIE10]
            )
            LEFT JOIN EQENCPTO AS q ON (t.[numfac] = q.[numfac] AND t.[tipdoc] = q.[tipdoc])
        )
        LEFT JOIN EQRENREQ AS r ON (t.[numfac] = r.[numfac] AND t.[tipdoc] = r.[tipdoc])
    )
': ('07002', '[07002] [Microsoft][Controlador ODBC Microsoft Access] Pocos parámetros. Se esperaba 2. (-3010) (SQLExecDirectW)')
2026-01-02 22:57:47,621 ERROR: Error: Execution failed on sql '
    SELECT
        t.[IdTs]              AS id_atencion,
        t.[FechaSal]          AS fecha_atencion,
        t.[descrip]           AS tipo_consulta,
        t.[Procedimiento]     AS procedimiento,
        t.[Cie10]             AS cie10,
        e.[DIAGNO]            AS nomcie10,
        v.[VENDEDOR]          AS medico,
        cli.[InstitucionS]    AS institucion,
        cli.[genero]          AS genero,
        cli.[FechaN]          AS fecha_nacimiento,
        q.[tot_fac]       AS valorconsulta,
        r.[tot_ren]       AS totmedicina
    FROM
        (((((EQTRASEC AS t
        LEFT JOIN EQCTACLI AS cli ON t.[CodCli] = cli.[codcli])
        LEFT JOIN EQCTAVDD AS v ON t.[CodVen] = v.[CODVEN])
        LEFT JOIN EQCIE10 AS e ON t.[Cie10] = e.[CIE10])
        LEFT JOIN EQENCPTO AS q ON (t.[numfac] = q.[numfac] AND t.[tipdoc] = q.[tipdoc]))
        LEFT JOIN EQRENREQ AS r ON 1=0)
    ': ('HY000', '[HY000] [Microsoft][Controlador ODBC Microsoft Access] La expresión JOIN no se admite. (-3530) (SQLExecDirectW)')
2026-01-02 22:57:47,638 ERROR: Error en la migración: Execution failed on sql '
    SELECT
        t.[IdTs]              AS id_atencion,
        t.[FechaSal]          AS fecha_atencion,
        t.[descrip]           AS tipo_consulta,
        t.[Procedimiento]     AS procedimiento,
        t.[Cie10]             AS cie10,
        e.[DIAGNO]            AS nomcie10,
        v.[VENDEDOR]          AS medico,
        cli.[InstitucionS]    AS institucion,
        cli.[genero]          AS genero,
        cli.[FechaN]          AS fecha_nacimiento,
        q.[tot_fac]       AS valorconsulta,
        r.[tot_ren]       AS totmedicina
    FROM
        (((((EQTRASEC AS t
        LEFT JOIN EQCTACLI AS cli ON t.[CodCli] = cli.[codcli])
        LEFT JOIN EQCTAVDD AS v ON t.[CodVen] = v.[CODVEN])
        LEFT JOIN EQCIE10 AS e ON t.[Cie10] = e.[CIE10])
        LEFT JOIN EQENCPTO AS q ON (t.[numfac] = q.[numfac] AND t.[tipdoc] = q.[tipdoc]))
        LEFT JOIN EQRENREQ AS r ON 1=0)
    ': ('HY000', '[HY000] [Microsoft][Controlador ODBC Microsoft Access] La expresión JOIN no se admite. (-3530) (SQLExecDirectW)')
2026-01-02 22:59:14,216 ERROR: Error: Execution failed on sql '
    SELECT
        t.[IdTs]              AS id_atencion,
        t.[FechaSal]          AS fecha_atencion,
        t.[descrip]           AS tipo_consulta,
        t.[Procedimiento]     AS procedimiento,
        t.[Cie10]             AS cie10,
        e.[DIAGNO]            AS nomcie10,
        v.[VENDEDOR]          AS medico,
        cli.[InstitucionS]    AS institucion,
        cli.[genero]          AS genero,
        cli.[FechaN]          AS fecha_nacimiento,
        q.[0]       AS valorconsulta,
        r.[tot_ren]       AS totmedicina
    FROM
        (
            (
                (
                    (
                        EQTRASEC AS t
                        LEFT JOIN EQCTACLI AS cli ON t.[CodCli] = cli.[codcli]
                    )
                    LEFT JOIN EQCTAVDD AS v ON t.[CodVen] = v.[CODVEN]
                )
                LEFT JOIN EQCIE10 AS e ON t.[Cie10] = e.[CIE10]
            )
            LEFT JOIN EQENCPTO AS q ON (t.[numfac] = q.[numfac]) AND (t.[tipdoc] = q.[tipdoc])
        )
        LEFT JOIN EQRENREQ AS r ON (t.[numfac] = r.[numfac]) AND (t.[tipdoc] = r.[tipdoc])
    ': ('07002', '[07002] [Microsoft][Controlador ODBC Microsoft Access] Pocos parámetros. Se esperaba 3. (-3010) (SQLExecDirectW)')
2026-01-02 22:59:14,225 ERROR: Error en la migración: Execution failed on sql '
    SELECT
        t.[IdTs]              AS id_atencion,
        t.[FechaSal]          AS fecha_atencion,
        t.[descrip]           AS tipo_consulta,
        t.[Procedimiento]     AS procedimiento,
        t.[Cie10]             AS cie10,
        e.[DIAGNO]            AS nomcie10,
        v.[VENDEDOR]          AS medico,
        cli.[InstitucionS]    AS institucion,
        cli.[genero]          AS genero,
        cli.[FechaN]          AS fecha_nacimiento,
        q.[0]       AS valorconsulta,
        r.[tot_ren]       AS totmedicina
    FROM
        (
            (
                (
                    (
                        EQTRASEC AS t
                        LEFT JOIN EQCTACLI AS cli ON t.[CodCli] = cli.[codcli]
                    )
                    LEFT JOIN EQCTAVDD AS v ON t.[CodVen] = v.[CODVEN]
                )
                LEFT JOIN EQCIE10 AS e ON t.[Cie10] = e.[CIE10]
            )
            LEFT JOIN EQENCPTO AS q ON (t.[numfac] = q.[numfac]) AND (t.[tipdoc] = q.[tipdoc])
        )
        LEFT JOIN EQRENREQ AS r ON (t.[numfac] = r.[numfac]) AND (t.[tipdoc] = r.[tipdoc])
    ': ('07002', '[07002] [Microsoft][Controlador ODBC Microsoft Access] Pocos parámetros. Se esperaba 3. (-3010) (SQLExecDirectW)')
